// Jest Snapshot v1, https://goo.gl/fbAQLP

exports[`Intro Component renders the intro section with correct structure 1`] = `
<div>
  <section
    aria-labelledby="intro-heading"
    class="intro"
    id="intro"
    role="region"
  >
    <div
      class="intro-content"
    >
      <h2
        class="intro-title"
        id="intro-heading"
      >
        Welcome to the Heart of 
        <span
          class="highlight"
        >
          SaintÂ Louis
        </span>
      </h2>
      <p
        class="intro-text"
      >
        Where the Mississippi meets a city of soul, creativity, and timeless character.
      </p>
      <p
        class="intro-text"
      >
        From the Gateway Arch to its blues, baseball, and barbecue - explore the rhythm, resilience, and rich spirit that define the 
        <span
          class="highlight"
        >
          Gateway to the West
        </span>
        .
      </p>
      <div
        aria-hidden="true"
        class="scroll-cue"
      />
    </div>
  </section>
</div>
`;
